00:41:03 **** Incremental Build of configuration Debug for project Spartan ****
make all 
'Building file: ../src/helloworld.c'
'Invoking: MicroBlaze gcc compiler'
mb-gcc -Wall -O0 -g3 -c -fmessage-length=0 -MT"src/helloworld.o" -IC:/Users/louis/Documents/Github/PCB-ADVANCED/PCB-ADVANCED/VIVADO/Vitis/MicroBlazeFULL_wrapper/export/MicroBlazeFULL_wrapper/sw/MicroBlazeFULL_wrapper/standalone_microblaze_0/bspinclude/include -mlittle-endian -mcpu=v11.0 -mxl-soft-mul -Wl,--no-relax -ffunction-sections -fdata-sections -MMD -MP -MF"src/helloworld.d" -MT"src/helloworld.o" -o "src/helloworld.o" "../src/helloworld.c"
'Finished building: ../src/helloworld.c'
' '
'Building target: Spartan.elf'
'Invoking: MicroBlaze gcc linker'
mb-gcc -Wl,-T -Wl,../src/lscript.ld -LC:/Users/louis/Documents/Github/PCB-ADVANCED/PCB-ADVANCED/VIVADO/Vitis/MicroBlazeFULL_wrapper/export/MicroBlazeFULL_wrapper/sw/MicroBlazeFULL_wrapper/standalone_microblaze_0/bsplib/lib -mlittle-endian -mcpu=v11.0 -mxl-soft-mul -Wl,--no-relax -Wl,--gc-sections -o "Spartan.elf"  ./src/helloworld.o ./src/platform.o   -Wl,--start-group,-lxil,-lgcc,-lc,--end-group
'Finished building target: Spartan.elf'
' '
'Invoking: MicroBlaze Print Size'
mb-size Spartan.elf  |tee "Spartan.elf.size"
   text	   data	    bss	    dec	    hex	filename
   3476	    336	   3116	   6928	   1b10	Spartan.elf
'Finished building: Spartan.elf.size'
' '

00:41:04 Build Finished (took 990ms)

